<html>
<body>
<pre>
<h1>µVision Build Log</h1>
<h2>Tool Versions:</h2>
IDE-Version: ¦ÌVision V5.24.2.0
Copyright (C) 2017 ARM Ltd and ARM Germany GmbH. All rights reserved.
License Information: 231 zlp, 123123123123, LIC=8VRJ7-EDS6U-56HQ2-9KBEV-7PG12-JEZLK
 
Tool Versions:
Toolchain:       MDK-ARM Plus  Version: 5.24.1
Toolchain Path:  D:\Keil_v5\ARM\ARMCC\Bin
C Compiler:      Armcc.exe V5.06 update 5 (build 528)
Assembler:       Armasm.exe V5.06 update 5 (build 528)
Linker/Locator:  ArmLink.exe V5.06 update 5 (build 528)
Library Manager: ArmAr.exe V5.06 update 5 (build 528)
Hex Converter:   FromElf.exe V5.06 update 5 (build 528)
CPU DLL:         SARMCM3.DLL V5.24.1
Dialog DLL:      DARMSTM.DLL V1.68.0.0
Target DLL:      UL2CM3.DLL V1.160.3.0
Dialog DLL:      TARMSTM.DLL V1.66.0.0
 
<h2>Project:</h2>
E:\stm32_code\freeRtos_demo\freertos_uart\FreeRTOS\Demo\CORTEX_STM32F103_Keil\RTOSDemo.uvprojx
Project File Date:  12/04/2024

<h2>Output:</h2>
*** Using Compiler 'V5.06 update 5 (build 528)', folder: 'D:\Keil_v5\ARM\ARMCC\Bin'
Build target 'Target 1'
compiling TaskCreateDelate.c...
.\PracticeInc\TaskCreateDelate.h(7): warning:  #1-D: last line of file ends without a newline
  #endif /* TASKCREATEDELATE_H */
PracticeSrc\TaskCreateDelate.c(115): warning:  #223-D: function "printf" declared implicitly
          printf("task1?????????????\r\n");
PracticeSrc\TaskCreateDelate.c(125): warning:  #223-D: function "printf" declared implicitly
          printf("task2?????????????\r\n");
PracticeSrc\TaskCreateDelate.c(136): warning:  #223-D: function "printf" declared implicitly
          printf("task3?????????????\r\n");
PracticeSrc\TaskCreateDelate.c: 4 warnings, 0 errors
linking...
Program Size: Code=10928 RO-data=288 RW-data=112 ZI-data=18120  
".\RTOSDemo.axf" - 0 Error(s), 4 Warning(s).

<h2>Software Packages used:</h2>

Package Vendor: Keil
                http://www.keil.com/pack/Keil.STM32F1xx_DFP.2.2.0.pack
                Keil.STM32F1xx_DFP.2.2.0
                STMicroelectronics STM32F1 Series Device Support, Drivers and Examples

<h2>Collection of Component include folders:</h2>
  .\RTE\_Target_1
  D:\Keil_v5\ARM\PACK\Keil\STM32F1xx_DFP\2.2.0\Device\Include

<h2>Collection of Component Files used:</h2>
Build Time Elapsed:  00:00:01
</pre>
</body>
</html>
